******************************************************************************
                  MSP430 Linker PC v4.3.3                      
******************************************************************************
>> Linked Mon Mar 20 15:52:56 2017

OUTPUT FILE NAME:   <TRF7970ABP_RFID_Reader_Demo.out>
ENTRY POINT SYMBOL: "_c_int00"  address: 0000e77a


MEMORY CONFIGURATION

         name            origin    length      used     unused   attr    fill
----------------------  --------  ---------  --------  --------  ----  --------
  SFR                   00000000   00000010  00000000  00000010  RWIX
  PERIPHERALS_8BIT      00000010   000000f0  00000000  000000f0  RWIX
  PERIPHERALS_16BIT     00000100   00000100  00000000  00000100  RWIX
  RAM                   00000200   00000200  000001c2  0000003e  RWIX
  INFOD                 00001000   00000040  00000000  00000040  RWIX
  INFOC                 00001040   00000040  00000000  00000040  RWIX
  INFOB                 00001080   00000040  00000000  00000040  RWIX
  INFOA                 000010c0   00000040  00000000  00000040  RWIX
  FLASH                 0000c000   00003fe0  00002ee2  000010fe  RWIX
  INT00                 0000ffe0   00000002  00000000  00000002  RWIX
  INT01                 0000ffe2   00000002  00000000  00000002  RWIX
  INT02                 0000ffe4   00000002  00000002  00000000  RWIX
  INT03                 0000ffe6   00000002  00000002  00000000  RWIX
  INT04                 0000ffe8   00000002  00000000  00000002  RWIX
  INT05                 0000ffea   00000002  00000002  00000000  RWIX
  INT06                 0000ffec   00000002  00000002  00000000  RWIX
  INT07                 0000ffee   00000002  00000002  00000000  RWIX
  INT08                 0000fff0   00000002  00000002  00000000  RWIX
  INT09                 0000fff2   00000002  00000002  00000000  RWIX
  INT10                 0000fff4   00000002  00000002  00000000  RWIX
  INT11                 0000fff6   00000002  00000002  00000000  RWIX
  INT12                 0000fff8   00000002  00000002  00000000  RWIX
  INT13                 0000fffa   00000002  00000002  00000000  RWIX
  INT14                 0000fffc   00000002  00000002  00000000  RWIX
  RESET                 0000fffe   00000002  00000002  00000000  RWIX


SECTION ALLOCATION MAP

 output                                  attributes/
section   page    origin      length       input sections
--------  ----  ----------  ----------   ----------------
.cinit     0    0000c000    00000000     UNINITIALIZED

.pinit     0    0000c000    00000000     UNINITIALIZED

.bss       0    00000200    000000c8     UNINITIALIZED
                  00000200    00000070     trf79xxa.obj (.bss)
                  00000270    0000001d     iso14443a.obj (.bss)
                  0000028d    00000001     --HOLE--
                  0000028e    00000014     iso15693.obj (.bss)
                  000002a2    0000000e     felica.obj (.bss)
                  000002b0    00000007     iso14443b.obj (.bss)
                  000002b7    00000001     --HOLE--
                  000002b8    00000004     rts430.lib : _lock.obj (.bss)
                  000002bc    00000004                : boot.obj (.bss)
                  000002c0    00000003     ndef.obj (.bss)
                  000002c3    00000002     VLO_Library.obj (.bss)
                  000002c5    00000001     --HOLE--
                  000002c6    00000002     mcu.obj (.bss)

.data      0    00000200    00000000     UNINITIALIZED

.stack     0    00000304    000000fa     UNINITIALIZED
                  00000304    00000002     rts430.lib : boot.obj (.stack)
                  00000306    000000f8     --HOLE--

.text      0    0000c000    000028fc     
                  0000c000    000002b6     iso15693.obj (.text:ISO15693_runAnticollision)
                  0000c2b6    0000024e     trf79xxa.obj (.text:TRF79xxA_processIRQ)
                  0000c504    000001d4     iso14443a.obj (.text:ISO14443A_selectTag)
                  0000c6d8    000001b4     iso14443a.obj (.text:ISO14443A_runAnticollision)
                  0000c88c    000001a0     felica.obj (.text:FeliCa_readFourBlocks)
                  0000ca2c    00000164     felica.obj (.text:FeliCa_readSingleBlock)
                  0000cb90    00000136     iso15693.obj (.text:ISO15693_sendReadSingleBlock)
                  0000ccc6    0000012c     felica.obj (.text:FeliCa_putTagInformation)
                  0000cdf2    0000012a     iso15693.obj (.text:ISO15693_sendGetSystemInfo)
                  0000cf1c    000000d6     iso14443a.obj (.text:ISO14443A_sendAnticollisionCmd)
                  0000cff2    000000d2     ndef.obj (.text:NDEF_readApplication)
                  0000d0c4    000000cc     iso14443a.obj (.text:ISO14443A_sendSelectCmd)
                  0000d190    000000ca     iso14443a.obj (.text:ISO14443A_sendT2TReadFourBlocks)
                  0000d25a    000000c2     trf79xxa.obj (.text:TRF79xxA_writeRaw)
                  0000d31c    000000c0     iso14443b.obj (.text:ISO14443B_sendPollCmd)
                  0000d3dc    000000bc     iso14443a.obj (.text:ISO14443A_storeUID)
                  0000d498    000000b8     uart.obj (.text:UART_putIntroReaderMsg)
                  0000d550    000000b6     iso15693.obj (.text:ISO15693_sendSingleSlotInventory)
                  0000d606    000000b2     ndef.obj (.text:NDEF_selectApplication)
                  0000d6b8    000000b0     iso14443a.obj (.text:ISO14443A_sendPPS)
                  0000d768    000000a4     nfc_app.obj (.text:NFC_appIso15693)
                  0000d80c    0000009a     iso14443a.obj (.text:ISO14443A_sendRATS)
                  0000d8a6    00000098     felica.obj (.text:FeliCa_pollSingleSlot)
                  0000d93e    00000098     ndef.obj (.text:NDEF_selectCapabilityContainer)
                  0000d9d6    00000098     ndef.obj (.text:NDEF_selectFile)
                  0000da6e    00000094     ndef.obj (.text:NDEF_readBinary)
                  0000db02    0000008a     VLO_Library.obj (.text)
                  0000db8c    00000084     iso14443b.obj (.text:ISO14443B_sendAttrib)
                  0000dc10    00000080     trf79xxa.obj (.text:TRF79xxA_setupInitiator)
                  0000dc90    0000007a     main.obj (.text:main)
                  0000dd0a    00000072     trf79xxa.obj (.text:TRF79xxA_initialSettings)
                  0000dd7c    0000006c     trf79xxa.obj (.text:TRF79xxA_irqHandler)
                  0000dde8    0000006c     uart.obj (.text:UART_putByteDecimalValue)
                  0000de54    00000068     trf79xxa.obj (.text:TRF79xxA_waitRxIRQ)
                  0000debc    0000005e     nfc_app.obj (.text:NFC_appIso14443b)
                  0000df1a    00000058     nfc_app.obj (.text:NFC_appIso14443aType2)
                  0000df72    00000058     rts430.lib : div32u.obj (.text)
                  0000dfca    00000056     nfc_app.obj (.text:NFC_appFeliCa)
                  0000e020    00000056     nfc_app.obj (.text:NFC_appIso14443a)
                  0000e076    00000054     iso14443a.obj (.text:ISO14443A_init)
                  0000e0ca    00000054     trf79xxa.obj (.text:TRF79xxA_waitTxIRQ)
                  0000e11e    00000050     iso14443a.obj (.text:ISO14443A_sendPollCmd)
                  0000e16e    00000050     trf79xxa.obj (.text:TRF79xxA_reset)
                  0000e1be    0000004e     trf79xxa.obj (.text:TRF79xxA_timerHandler)
                  0000e20c    0000004c     rts430.lib : lsr16.obj (.text)
                  0000e258    00000048     uart.obj (.text:UART_putByte)
                  0000e2a0    00000046     nfc_app.obj (.text:NFC_appIso14443aType4NDEF)
                  0000e2e6    00000046     spi.obj (.text:SPI_readCont)
                  0000e32c    00000040     mcu.obj (.text:MCU_initClock)
                  0000e36c    00000040     trf79xxa.obj (.text:TRF79xxA_waitRxData)
                  0000e3ac    00000040     rts430.lib : div32s.obj (.text)
                  0000e3ec    0000003e                : lsl32.obj (.text:l_lsl_const)
                  0000e42a    0000003c     trf79xxa.obj (.text:TRF79xxA_checkExternalRfField)
                  0000e466    00000038     nfc_app.obj (.text:NFC_appIso15693ReadTag)
                  0000e49e    00000036     mcu.obj (.text:MCU_setCounter)
                  0000e4d4    00000036     spi.obj (.text:SPI_rawWrite)
                  0000e50a    00000034     spi.obj (.text:SPI_readSingle)
                  0000e53e    00000034     trf79xxa.obj (.text:TRF79xxA_writeRegister)
                  0000e572    00000032     spi.obj (.text:SPI_usciSet)
                  0000e5a4    0000002e     iso15693.obj (.text:ISO15693_init)
                  0000e5d2    0000002c     uart.obj (.text:UART_setup)
                  0000e5fe    0000002c     rts430.lib : asr16.obj (.text)
                  0000e62a    0000002c                : lsl16.obj (.text)
                  0000e656    0000002a     mcu.obj (.text:MCU_calculateVLOFreq)
                  0000e680    0000002a     nfc_app.obj (.text:NFC_findTag)
                  0000e6aa    00000028     ndef.obj (.text:NDEF_readCapabilityContainer)
                  0000e6d2    00000028     spi.obj (.text:SPI_writeSingle)
                  0000e6fa    00000022     mcu.obj (.text:MCU_delayMillisecond)
                  0000e71c    00000022     spi.obj (.text:SPI_setup)
                  0000e73e    0000001e     trf79xxa.obj (.text:TRF79xxA_disableSlotCounter)
                  0000e75c    0000001e     trf79xxa.obj (.text:TRF79xxA_enableSlotCounter)
                  0000e77a    0000001e     rts430.lib : boot.obj (.text:_c_int00_noinit_noexit)
                  0000e798    0000001c     nfc_app.obj (.text:NFC_init)
                  0000e7b4    0000001c     spi.obj (.text:SPI_directCommand)
                  0000e7d0    0000001a     felica.obj (.text:FeliCa_init)
                  0000e7ea    0000001a     iso14443b.obj (.text:ISO14443B_init)
                  0000e804    0000001a     trf79xxa.obj (.text:TRF79xxA_resetIrqStatus)
                  0000e81e    0000001a     uart.obj (.text:UART_putNewLine)
                  0000e838    00000016     uart.obj (.text:UART_sendCString)
                  0000e84e    00000014     rts430.lib : mult16.obj (.text)
                  0000e862    00000010     trf79xxa.obj (.text:TRF79xxA_turnRfOff)
                  0000e872    00000010     rts430.lib : epilog.obj (.text)
                  0000e882    0000000c     uart.obj (.text:UART_putChar)
                  0000e88e    0000000a     felica.obj (.text:FeliCa_getNDEFLength)
                  0000e898    0000000a     system_pre_init.obj (.text:_system_pre_init)
                  0000e8a2    00000008     trf79xxa.obj (.text:TRF79xxA_resetFIFO)
                  0000e8aa    00000006     iso14443a.obj (.text:ISO14443A_getType4ACompliance)
                  0000e8b0    00000006     iso14443a.obj (.text:ISO14443A_setRecursionCount)
                  0000e8b6    00000006     iso14443b.obj (.text:ISO14443B_getType4BCompliance)
                  0000e8bc    00000006     iso15693.obj (.text:ISO15693_getTagCount)
                  0000e8c2    00000006     iso15693.obj (.text:ISO15693_resetRecursionCount)
                  0000e8c8    00000006     iso15693.obj (.text:ISO15693_resetTagCount)
                  0000e8ce    00000006     ndef.obj (.text:NDEF_setBlockNumberBit)
                  0000e8d4    00000006     trf79xxa.obj (.text:TRF79xxA_getCollisionPosition)
                  0000e8da    00000006     trf79xxa.obj (.text:TRF79xxA_getRxBytesReceived)
                  0000e8e0    00000006     trf79xxa.obj (.text:TRF79xxA_getTrfStatus)
                  0000e8e6    00000006     trf79xxa.obj (.text:TRF79xxA_setTrfPowerSetting)
                  0000e8ec    00000006     rts430.lib : isr_trap.obj (.text:__TI_ISR_TRAP)
                  0000e8f2    00000004     trf79xxa.obj (.text:TRF79xxA_sendDirectCommand)
                  0000e8f6    00000004     rts430.lib : exit.obj (.text:abort)
                  0000e8fa    00000002                : _lock.obj (.text:_nop)

.const     0    0000e8fc    000005e6     
                  0000e8fc    0000020c     felica.obj (.const:.string)
                  0000eb08    00000138     iso14443a.obj (.const:.string)
                  0000ec40    000000c0     uart.obj (.const:.string)
                  0000ed00    00000094     iso15693.obj (.const:.string)
                  0000ed94    00000082     ndef.obj (.const:.string)
                  0000ee16    0000007a     nfc_app.obj (.const:.string)
                  0000ee90    0000003a     iso14443b.obj (.const:.string)
                  0000eeca    00000018     main.obj (.const:.string)

PORT1      0    0000ffe4    00000002     
                  0000ffe4    00000002     rts430.lib : int02.obj (.int02)

PORT2      0    0000ffe6    00000002     
                  0000ffe6    00000002     trf79xxa.obj (.int03)

ADC10      0    0000ffea    00000002     
                  0000ffea    00000002     rts430.lib : int05.obj (.int05)

USCIAB0TX 
*          0    0000ffec    00000002     
                  0000ffec    00000002     rts430.lib : int06.obj (.int06)

USCIAB0RX 
*          0    0000ffee    00000002     
                  0000ffee    00000002     rts430.lib : int07.obj (.int07)

TIMER0_A1 
*          0    0000fff0    00000002     
                  0000fff0    00000002     rts430.lib : int08.obj (.int08)

TIMER0_A0 
*          0    0000fff2    00000002     
                  0000fff2    00000002     trf79xxa.obj (.int09)

WDT        0    0000fff4    00000002     
                  0000fff4    00000002     rts430.lib : int10.obj (.int10)

COMPARATORA 
*          0    0000fff6    00000002     
                  0000fff6    00000002     rts430.lib : int11.obj (.int11)

TIMER1_A1 
*          0    0000fff8    00000002     
                  0000fff8    00000002     rts430.lib : int12.obj (.int12)

TIMER1_A0 
*          0    0000fffa    00000002     
                  0000fffa    00000002     rts430.lib : int13.obj (.int13)

NMI        0    0000fffc    00000002     
                  0000fffc    00000002     rts430.lib : int14.obj (.int14)

.reset     0    0000fffe    00000002     
                  0000fffe    00000002     rts430.lib : boot.obj (.reset)


GLOBAL SYMBOLS: SORTED ALPHABETICALLY BY Name 

address    name
--------   ----
00000200   .bss
00000200   .data
0000c000   .text
0000004a   ADC10AE0
000001b0   ADC10CTL0
000001b2   ADC10CTL1
00000048   ADC10DTC0
00000049   ADC10DTC1
000001b4   ADC10MEM
000001bc   ADC10SA
00000057   BCSCTL1
00000058   BCSCTL2
00000053   BCSCTL3
0000e8f6   C$$EXIT
00000059   CACTL1
0000005a   CACTL2
000010fb   CALBC1_12MHZ
000010f9   CALBC1_16MHZ
000010ff   CALBC1_1MHZ
000010fd   CALBC1_8MHZ
000010fa   CALDCO_12MHZ
000010f8   CALDCO_16MHZ
000010fe   CALDCO_1MHZ
000010fc   CALDCO_8MHZ
0000005b   CAPD
00000056   DCOCTL
00000128   FCTL1
0000012a   FCTL2
0000012c   FCTL3
0000e88e   FeliCa_getNDEFLength
0000e7d0   FeliCa_init
0000d8a6   FeliCa_pollSingleSlot
0000ccc6   FeliCa_putTagInformation
0000c88c   FeliCa_readFourBlocks
0000ca2c   FeliCa_readSingleBlock
00000000   IE1
00000001   IE2
00000002   IFG1
00000003   IFG2
0000e8aa   ISO14443A_getType4ACompliance
0000e076   ISO14443A_init
0000c6d8   ISO14443A_runAnticollision
0000c504   ISO14443A_selectTag
0000cf1c   ISO14443A_sendAnticollisionCmd
0000d6b8   ISO14443A_sendPPS
0000e11e   ISO14443A_sendPollCmd
0000d80c   ISO14443A_sendRATS
0000d0c4   ISO14443A_sendSelectCmd
0000d190   ISO14443A_sendT2TReadFourBlocks
0000e8b0   ISO14443A_setRecursionCount
0000d3dc   ISO14443A_storeUID
0000e8b6   ISO14443B_getType4BCompliance
0000e7ea   ISO14443B_init
0000db8c   ISO14443B_sendAttrib
0000d31c   ISO14443B_sendPollCmd
0000e8bc   ISO15693_getTagCount
0000e5a4   ISO15693_init
0000e8c2   ISO15693_resetRecursionCount
0000e8c8   ISO15693_resetTagCount
0000c000   ISO15693_runAnticollision
0000cdf2   ISO15693_sendGetSystemInfo
0000cb90   ISO15693_sendReadSingleBlock
0000d550   ISO15693_sendSingleSlotInventory
0000e5fe   I_ASR
0000e626   I_ASR_1
0000e614   I_ASR_10
0000e612   I_ASR_11
0000e610   I_ASR_12
0000e60e   I_ASR_13
0000e60c   I_ASR_14
0000e60a   I_ASR_15
0000e624   I_ASR_2
0000e622   I_ASR_3
0000e620   I_ASR_4
0000e61e   I_ASR_5
0000e61c   I_ASR_6
0000e61a   I_ASR_7
0000e618   I_ASR_8
0000e616   I_ASR_9
0000e62a   I_LSL
0000e652   I_LSL_1
0000e640   I_LSL_10
0000e63e   I_LSL_11
0000e63c   I_LSL_12
0000e63a   I_LSL_13
0000e638   I_LSL_14
0000e636   I_LSL_15
0000e650   I_LSL_2
0000e64e   I_LSL_3
0000e64c   I_LSL_4
0000e64a   I_LSL_5
0000e648   I_LSL_6
0000e646   I_LSL_7
0000e644   I_LSL_8
0000e642   I_LSL_9
0000e20c   I_LSR
0000e252   I_LSR_1
0000e22e   I_LSR_10
0000e22a   I_LSR_11
0000e226   I_LSR_12
0000e222   I_LSR_13
0000e21e   I_LSR_14
0000e21a   I_LSR_15
0000e24e   I_LSR_2
0000e24a   I_LSR_3
0000e246   I_LSR_4
0000e242   I_LSR_5
0000e23e   I_LSR_6
0000e23a   I_LSR_7
0000e236   I_LSR_8
0000e232   I_LSR_9
0000e424   L_LSL_1
0000e400   L_LSL_10
0000e3fc   L_LSL_11
0000e3f8   L_LSL_12
0000e3f4   L_LSL_13
0000e3f0   L_LSL_14
0000e3ec   L_LSL_15
0000e420   L_LSL_2
0000e41c   L_LSL_3
0000e418   L_LSL_4
0000e414   L_LSL_5
0000e410   L_LSL_6
0000e40c   L_LSL_7
0000e408   L_LSL_8
0000e404   L_LSL_9
0000e656   MCU_calculateVLOFreq
0000e6fa   MCU_delayMillisecond
0000e32c   MCU_initClock
0000e49e   MCU_setCounter
0000cff2   NDEF_readApplication
0000da6e   NDEF_readBinary
0000e6aa   NDEF_readCapabilityContainer
0000d606   NDEF_selectApplication
0000d93e   NDEF_selectCapabilityContainer
0000d9d6   NDEF_selectFile
0000e8ce   NDEF_setBlockNumberBit
0000dfca   NFC_appFeliCa
0000e020   NFC_appIso14443a
0000df1a   NFC_appIso14443aType2
0000e2a0   NFC_appIso14443aType4NDEF
0000debc   NFC_appIso14443b
0000d768   NFC_appIso15693
0000e466   NFC_appIso15693ReadTag
0000e680   NFC_findTag
0000e798   NFC_init
00000022   P1DIR
00000025   P1IE
00000024   P1IES
00000023   P1IFG
00000020   P1IN
00000021   P1OUT
00000027   P1REN
00000026   P1SEL
00000041   P1SEL2
0000002a   P2DIR
0000002d   P2IE
0000002c   P2IES
0000002b   P2IFG
00000028   P2IN
00000029   P2OUT
0000002f   P2REN
0000002e   P2SEL
00000042   P2SEL2
0000001a   P3DIR
00000018   P3IN
00000019   P3OUT
00000010   P3REN
0000001b   P3SEL
00000043   P3SEL2
0000e7b4   SPI_directCommand
0000e4d4   SPI_rawWrite
0000e2e6   SPI_readCont
0000e50a   SPI_readSingle
0000e71c   SPI_setup
0000e572   SPI_usciSet
0000e6d2   SPI_writeSingle
00000172   TA0CCR0
00000174   TA0CCR1
00000176   TA0CCR2
00000162   TA0CCTL0
00000164   TA0CCTL1
00000166   TA0CCTL2
00000160   TA0CTL
0000012e   TA0IV
00000170   TA0R
00000192   TA1CCR0
00000194   TA1CCR1
00000196   TA1CCR2
00000182   TA1CCTL0
00000184   TA1CCTL1
00000186   TA1CCTL2
00000180   TA1CTL
0000011e   TA1IV
00000190   TA1R
0000db02   TI_measureVLO
000010db   TLV_ADC10_1_LEN
000010da   TLV_ADC10_1_TAG
000010c0   TLV_CHECKSUM
000010f7   TLV_DCO_30_LEN
000010f6   TLV_DCO_30_TAG
0000e42a   TRF79xxA_checkExternalRfField
0000e73e   TRF79xxA_disableSlotCounter
0000e75c   TRF79xxA_enableSlotCounter
0000e8d4   TRF79xxA_getCollisionPosition
0000e8da   TRF79xxA_getRxBytesReceived
0000e8e0   TRF79xxA_getTrfStatus
0000dd0a   TRF79xxA_initialSettings
0000dd7c   TRF79xxA_irqHandler
0000c2b6   TRF79xxA_processIRQ
0000e16e   TRF79xxA_reset
0000e8a2   TRF79xxA_resetFIFO
0000e804   TRF79xxA_resetIrqStatus
0000e8f2   TRF79xxA_sendDirectCommand
0000e8e6   TRF79xxA_setTrfPowerSetting
0000dc10   TRF79xxA_setupInitiator
0000e1be   TRF79xxA_timerHandler
0000e862   TRF79xxA_turnRfOff
0000e36c   TRF79xxA_waitRxData
0000de54   TRF79xxA_waitRxIRQ
0000e0ca   TRF79xxA_waitTxIRQ
0000d25a   TRF79xxA_writeRaw
0000e53e   TRF79xxA_writeRegister
0000e258   UART_putByte
0000dde8   UART_putByteDecimalValue
0000e882   UART_putChar
0000d498   UART_putIntroReaderMsg
0000e81e   UART_putNewLine
0000e838   UART_sendCString
0000e5d2   UART_setup
0000005d   UCA0ABCTL
00000062   UCA0BR0
00000063   UCA0BR1
00000060   UCA0CTL0
00000061   UCA0CTL1
0000005f   UCA0IRRCTL
0000005e   UCA0IRTCTL
00000064   UCA0MCTL
00000066   UCA0RXBUF
00000065   UCA0STAT
00000067   UCA0TXBUF
0000006a   UCB0BR0
0000006b   UCB0BR1
00000068   UCB0CTL0
00000069   UCB0CTL1
0000006c   UCB0I2CIE
00000118   UCB0I2COA
0000011a   UCB0I2CSA
0000006e   UCB0RXBUF
0000006d   UCB0STAT
0000006f   UCB0TXBUF
00000120   WDTCTL
000003fe   __STACK_END
000000fa   __STACK_SIZE
0000e8ec   __TI_ISR_TRAP
00000001   __TI_args_main
00000001   __TI_auto_init
000002bc   __TI_cleanup_ptr
000002be   __TI_dtors_ptr
00000001   __TI_exit
0000ffe4   __TI_int02
0000ffe6   __TI_int03
0000ffea   __TI_int05
0000ffec   __TI_int06
0000ffee   __TI_int07
0000fff0   __TI_int08
0000fff2   __TI_int09
0000fff4   __TI_int10
0000fff6   __TI_int11
0000fff8   __TI_int12
0000fffa   __TI_int13
0000fffc   __TI_int14
ffffffff   __binit__
00000200   __bss__
ffffffff   __c_args__
ffffffff   __cinit__
00000200   __data__
0000e3ac   __divli
0000df72   __divul
00000200   __edata__
000002c8   __end__
0000e8fc   __etext__
0000e84e   __mpyi
ffffffff   __pinit__
0000e3ac   __remli
0000df72   __remul
0000c000   __text__
0000e77a   _c_int00
0000e77a   _c_int00_noinit_noexit
000002b8   _lock
0000e8fa   _nop
0000fffe   _reset_vector
00000304   _stack
0000e898   _system_pre_init
000002ba   _unlock
0000e8f6   abort
ffffffff   binit
ffffffff   cinit
00000200   edata
000002c8   end
0000e8fc   etext
0000e87e   func_epilog_1
0000e87c   func_epilog_2
0000e87a   func_epilog_3
0000e878   func_epilog_4
0000e876   func_epilog_5
0000e874   func_epilog_6
0000e872   func_epilog_7
00000200   g_pui8TrfBuffer
0000dc90   main
ffffffff   pinit


GLOBAL SYMBOLS: SORTED BY Symbol Address 

address    name
--------   ----
00000000   IE1
00000001   IE2
00000001   __TI_args_main
00000001   __TI_auto_init
00000001   __TI_exit
00000002   IFG1
00000003   IFG2
00000010   P3REN
00000018   P3IN
00000019   P3OUT
0000001a   P3DIR
0000001b   P3SEL
00000020   P1IN
00000021   P1OUT
00000022   P1DIR
00000023   P1IFG
00000024   P1IES
00000025   P1IE
00000026   P1SEL
00000027   P1REN
00000028   P2IN
00000029   P2OUT
0000002a   P2DIR
0000002b   P2IFG
0000002c   P2IES
0000002d   P2IE
0000002e   P2SEL
0000002f   P2REN
00000041   P1SEL2
00000042   P2SEL2
00000043   P3SEL2
00000048   ADC10DTC0
00000049   ADC10DTC1
0000004a   ADC10AE0
00000053   BCSCTL3
00000056   DCOCTL
00000057   BCSCTL1
00000058   BCSCTL2
00000059   CACTL1
0000005a   CACTL2
0000005b   CAPD
0000005d   UCA0ABCTL
0000005e   UCA0IRTCTL
0000005f   UCA0IRRCTL
00000060   UCA0CTL0
00000061   UCA0CTL1
00000062   UCA0BR0
00000063   UCA0BR1
00000064   UCA0MCTL
00000065   UCA0STAT
00000066   UCA0RXBUF
00000067   UCA0TXBUF
00000068   UCB0CTL0
00000069   UCB0CTL1
0000006a   UCB0BR0
0000006b   UCB0BR1
0000006c   UCB0I2CIE
0000006d   UCB0STAT
0000006e   UCB0RXBUF
0000006f   UCB0TXBUF
000000fa   __STACK_SIZE
00000118   UCB0I2COA
0000011a   UCB0I2CSA
0000011e   TA1IV
00000120   WDTCTL
00000128   FCTL1
0000012a   FCTL2
0000012c   FCTL3
0000012e   TA0IV
00000160   TA0CTL
00000162   TA0CCTL0
00000164   TA0CCTL1
00000166   TA0CCTL2
00000170   TA0R
00000172   TA0CCR0
00000174   TA0CCR1
00000176   TA0CCR2
00000180   TA1CTL
00000182   TA1CCTL0
00000184   TA1CCTL1
00000186   TA1CCTL2
00000190   TA1R
00000192   TA1CCR0
00000194   TA1CCR1
00000196   TA1CCR2
000001b0   ADC10CTL0
000001b2   ADC10CTL1
000001b4   ADC10MEM
000001bc   ADC10SA
00000200   .bss
00000200   .data
00000200   __bss__
00000200   __data__
00000200   __edata__
00000200   edata
00000200   g_pui8TrfBuffer
000002b8   _lock
000002ba   _unlock
000002bc   __TI_cleanup_ptr
000002be   __TI_dtors_ptr
000002c8   __end__
000002c8   end
00000304   _stack
000003fe   __STACK_END
000010c0   TLV_CHECKSUM
000010da   TLV_ADC10_1_TAG
000010db   TLV_ADC10_1_LEN
000010f6   TLV_DCO_30_TAG
000010f7   TLV_DCO_30_LEN
000010f8   CALDCO_16MHZ
000010f9   CALBC1_16MHZ
000010fa   CALDCO_12MHZ
000010fb   CALBC1_12MHZ
000010fc   CALDCO_8MHZ
000010fd   CALBC1_8MHZ
000010fe   CALDCO_1MHZ
000010ff   CALBC1_1MHZ
0000c000   .text
0000c000   ISO15693_runAnticollision
0000c000   __text__
0000c2b6   TRF79xxA_processIRQ
0000c504   ISO14443A_selectTag
0000c6d8   ISO14443A_runAnticollision
0000c88c   FeliCa_readFourBlocks
0000ca2c   FeliCa_readSingleBlock
0000cb90   ISO15693_sendReadSingleBlock
0000ccc6   FeliCa_putTagInformation
0000cdf2   ISO15693_sendGetSystemInfo
0000cf1c   ISO14443A_sendAnticollisionCmd
0000cff2   NDEF_readApplication
0000d0c4   ISO14443A_sendSelectCmd
0000d190   ISO14443A_sendT2TReadFourBlocks
0000d25a   TRF79xxA_writeRaw
0000d31c   ISO14443B_sendPollCmd
0000d3dc   ISO14443A_storeUID
0000d498   UART_putIntroReaderMsg
0000d550   ISO15693_sendSingleSlotInventory
0000d606   NDEF_selectApplication
0000d6b8   ISO14443A_sendPPS
0000d768   NFC_appIso15693
0000d80c   ISO14443A_sendRATS
0000d8a6   FeliCa_pollSingleSlot
0000d93e   NDEF_selectCapabilityContainer
0000d9d6   NDEF_selectFile
0000da6e   NDEF_readBinary
0000db02   TI_measureVLO
0000db8c   ISO14443B_sendAttrib
0000dc10   TRF79xxA_setupInitiator
0000dc90   main
0000dd0a   TRF79xxA_initialSettings
0000dd7c   TRF79xxA_irqHandler
0000dde8   UART_putByteDecimalValue
0000de54   TRF79xxA_waitRxIRQ
0000debc   NFC_appIso14443b
0000df1a   NFC_appIso14443aType2
0000df72   __divul
0000df72   __remul
0000dfca   NFC_appFeliCa
0000e020   NFC_appIso14443a
0000e076   ISO14443A_init
0000e0ca   TRF79xxA_waitTxIRQ
0000e11e   ISO14443A_sendPollCmd
0000e16e   TRF79xxA_reset
0000e1be   TRF79xxA_timerHandler
0000e20c   I_LSR
0000e21a   I_LSR_15
0000e21e   I_LSR_14
0000e222   I_LSR_13
0000e226   I_LSR_12
0000e22a   I_LSR_11
0000e22e   I_LSR_10
0000e232   I_LSR_9
0000e236   I_LSR_8
0000e23a   I_LSR_7
0000e23e   I_LSR_6
0000e242   I_LSR_5
0000e246   I_LSR_4
0000e24a   I_LSR_3
0000e24e   I_LSR_2
0000e252   I_LSR_1
0000e258   UART_putByte
0000e2a0   NFC_appIso14443aType4NDEF
0000e2e6   SPI_readCont
0000e32c   MCU_initClock
0000e36c   TRF79xxA_waitRxData
0000e3ac   __divli
0000e3ac   __remli
0000e3ec   L_LSL_15
0000e3f0   L_LSL_14
0000e3f4   L_LSL_13
0000e3f8   L_LSL_12
0000e3fc   L_LSL_11
0000e400   L_LSL_10
0000e404   L_LSL_9
0000e408   L_LSL_8
0000e40c   L_LSL_7
0000e410   L_LSL_6
0000e414   L_LSL_5
0000e418   L_LSL_4
0000e41c   L_LSL_3
0000e420   L_LSL_2
0000e424   L_LSL_1
0000e42a   TRF79xxA_checkExternalRfField
0000e466   NFC_appIso15693ReadTag
0000e49e   MCU_setCounter
0000e4d4   SPI_rawWrite
0000e50a   SPI_readSingle
0000e53e   TRF79xxA_writeRegister
0000e572   SPI_usciSet
0000e5a4   ISO15693_init
0000e5d2   UART_setup
0000e5fe   I_ASR
0000e60a   I_ASR_15
0000e60c   I_ASR_14
0000e60e   I_ASR_13
0000e610   I_ASR_12
0000e612   I_ASR_11
0000e614   I_ASR_10
0000e616   I_ASR_9
0000e618   I_ASR_8
0000e61a   I_ASR_7
0000e61c   I_ASR_6
0000e61e   I_ASR_5
0000e620   I_ASR_4
0000e622   I_ASR_3
0000e624   I_ASR_2
0000e626   I_ASR_1
0000e62a   I_LSL
0000e636   I_LSL_15
0000e638   I_LSL_14
0000e63a   I_LSL_13
0000e63c   I_LSL_12
0000e63e   I_LSL_11
0000e640   I_LSL_10
0000e642   I_LSL_9
0000e644   I_LSL_8
0000e646   I_LSL_7
0000e648   I_LSL_6
0000e64a   I_LSL_5
0000e64c   I_LSL_4
0000e64e   I_LSL_3
0000e650   I_LSL_2
0000e652   I_LSL_1
0000e656   MCU_calculateVLOFreq
0000e680   NFC_findTag
0000e6aa   NDEF_readCapabilityContainer
0000e6d2   SPI_writeSingle
0000e6fa   MCU_delayMillisecond
0000e71c   SPI_setup
0000e73e   TRF79xxA_disableSlotCounter
0000e75c   TRF79xxA_enableSlotCounter
0000e77a   _c_int00
0000e77a   _c_int00_noinit_noexit
0000e798   NFC_init
0000e7b4   SPI_directCommand
0000e7d0   FeliCa_init
0000e7ea   ISO14443B_init
0000e804   TRF79xxA_resetIrqStatus
0000e81e   UART_putNewLine
0000e838   UART_sendCString
0000e84e   __mpyi
0000e862   TRF79xxA_turnRfOff
0000e872   func_epilog_7
0000e874   func_epilog_6
0000e876   func_epilog_5
0000e878   func_epilog_4
0000e87a   func_epilog_3
0000e87c   func_epilog_2
0000e87e   func_epilog_1
0000e882   UART_putChar
0000e88e   FeliCa_getNDEFLength
0000e898   _system_pre_init
0000e8a2   TRF79xxA_resetFIFO
0000e8aa   ISO14443A_getType4ACompliance
0000e8b0   ISO14443A_setRecursionCount
0000e8b6   ISO14443B_getType4BCompliance
0000e8bc   ISO15693_getTagCount
0000e8c2   ISO15693_resetRecursionCount
0000e8c8   ISO15693_resetTagCount
0000e8ce   NDEF_setBlockNumberBit
0000e8d4   TRF79xxA_getCollisionPosition
0000e8da   TRF79xxA_getRxBytesReceived
0000e8e0   TRF79xxA_getTrfStatus
0000e8e6   TRF79xxA_setTrfPowerSetting
0000e8ec   __TI_ISR_TRAP
0000e8f2   TRF79xxA_sendDirectCommand
0000e8f6   C$$EXIT
0000e8f6   abort
0000e8fa   _nop
0000e8fc   __etext__
0000e8fc   etext
0000ffe4   __TI_int02
0000ffe6   __TI_int03
0000ffea   __TI_int05
0000ffec   __TI_int06
0000ffee   __TI_int07
0000fff0   __TI_int08
0000fff2   __TI_int09
0000fff4   __TI_int10
0000fff6   __TI_int11
0000fff8   __TI_int12
0000fffa   __TI_int13
0000fffc   __TI_int14
0000fffe   _reset_vector
ffffffff   __binit__
ffffffff   __c_args__
ffffffff   __cinit__
ffffffff   __pinit__
ffffffff   binit
ffffffff   cinit
ffffffff   pinit

[311 symbols]
