C51 COMPILER V9.57.0.0   HARDWARE                                                          04/14/2019 22:22:20 PAGE 1   


C51 COMPILER V9.57.0.0, COMPILATION OF MODULE HARDWARE
OBJECT MODULE PLACED IN .\Objects\hardware.obj
COMPILER INVOKED BY: C:\Keil_v5\C51\BIN\C51.EXE hardware.c LARGE OPTIMIZE(8,SPEED) BROWSE DEBUG OBJECTEXTEND PRINT(.\Lis
                    -tings\hardware.lst) TABS(2) OBJECT(.\Objects\hardware.obj)

line level    source

   1          /********************************************************************************************************
   2          * 文 件 名：COMMUNICATE.H
   3          * 功    能：RFID阅读器TRF7960与C8051F340微控制器之间通信方式头文件。
   4          * 硬件连接：C8051F340与TRF7960之间通信硬件连接关系如下所示：
   5          *                C8051F340                 TRF7960
   6          *********************    PARALLEL INTERFACE    ******************************************         
   7          *       P0.7           IRQ
   8          *       P0.3                 Slave_select
   9          *       P0.2                 SIMO
  10          *       P0.1                 SOMI
  11          *       P0.0                 DATA_CLK
  12          *       P4.0             MOD
  13          *       P4.2         ASK/OOK
  14          *       P4.3         EN
  15          *
  16          * 版    本：V1.0
  17          * 作    者：EMDOOR
  18          * 日    期：2011-9-29
  19          *********************************************************************************************************/
  20          #include "hardware.h"
  21          #include "communicate.h"
  22          #include <c8051f340.h>
  23          
  24          
  25          void IRQInit(void)
  26          {
  27   1      TCON |= 0X01;//边沿触发方式
  28   1      IT01CF |=0X0F;  //将中断0配置到P0.7,高电平有效
  29   1      
  30   1      }
  31          /*********************************************************************************************************
             -*********
  32          * 函数名称：delay_ms()
  33          * 功    能：延时函数。
  34          * 入口参数：n_ms        毫秒值
  35          * 出口参数：无
  36          * 说    明：该函数为延时函数，入口参数值越大，CPU延时等待的时间就越长。
  37          *           本演示程序，将其应用于非精确的延时等待场合。
  38          *           注意：入口参数的最大值为 65536。           
  39          **********************************************************************************************************
             -*********/
  40          void delay_ms(unsigned int n_ms)
  41          {
  42   1          unsigned int ii1, ii0;
  43   1          
  44   1          for(ii0=n_ms; ii0>0; ii0--) 
  45   1          {
  46   2              ii1 = 10000;                               //单循环延时参数。为估计值，不能精确延时。
  47   2              do (ii1--);
  48   2              while (ii1 != 0);
  49   2          }
  50   1        
  51   1      }
  52          
C51 COMPILER V9.57.0.0   HARDWARE                                                          04/14/2019 22:22:20 PAGE 2   

  53          
  54          /*********************************************************************************************************
             -*********
  55          * 函数名称：void Timer0_Delay (int ms)
  56          * 功    能：定时器设置函数。
  57          * 入口参数：无
  58          * 出口参数：无
  59          * 说    明：初始化设置定时器寄存器。 本演示程序，将其应用于精确的延时等待场合。          
  60          **********************************************************************************************************
             -*********/
  61          void Timer0_Delay (int ms)
  62          
  63          {
  64   1      TF0 = 0; // 停止定时器T0并清除溢出标志
  65   1      TMOD &= ~0x0f; // 配置定时器T0为16位模式
  66   1      TMOD |= 0x01;
  67   1      CKCON &=~ 0x03; // 定时器T0计数系统时钟
  68   1      ET0 = 1;
  69   1      TR0 = 1; // 停定时器T0
  70   1      TH0 = (65535-1000*ms) >> 8; // 设置定时器T0 1ms溢出
  71   1      TL0 = (65535-1000*ms)/256;
  72   1      
  73   1      }
  74          
  75          /*********************************************************************************************************
             -*********
  76          * 函数名称：OSCsel()
  77          * 功    能：晶体振荡器选择
  78          * 入口参数：mode        选择内部或者外部模式
  79          * 出口参数：无
  80          **********************************************************************************************************
             -*********/
  81          void OSCsel(void)
  82          {
  83   1         int i = 0;
  84   1         OSCICN    = 0x83;
  85   1         CLKMUL    = 0x80;
  86   1         for (i = 0; i < 20; i++);    // 延时等待晶体稳定
  87   1         CLKMUL    |= 0xC0;
  88   1         while ((CLKMUL & 0x20) == 0);
  89   1         CLKSEL    = 0x00;
  90   1      }
  91          
  92          /*********************************************************************************************************
             -*********
  93          * 函数名称：Timer0handler()
  94          * 功    能：定时器中断服务程序
  95          * 入口参数：无
  96          * 出口参数：无
  97          * 说    明：定时器中断服务程序，用于精确延时用。
  98          **********************************************************************************************************
             -*********/
  99          void Timer0handler(void) interrupt 1
 100          {   
 101   1          unsigned char Register[2];
 102   1          StopCounter();
 103   1          
 104   1          /* 读取IRQ中断状态寄存器 */
 105   1          /*====================================================================================================
             -*/
 106   1          Register[0] = IRQStatus;                        //IRQ中断状态寄存器地址
 107   1          Register[1] = IRQMask;                          //虚拟读(Dummy read)    
C51 COMPILER V9.57.0.0   HARDWARE                                                          04/14/2019 22:22:20 PAGE 3   

 108   1          ReadCont(Register, 2);
 109   1          /*====================================================================================================
             -*/
 110   1        
 111   1          *Register = *Register & 0xF7;                   //设置奇偶校验位B3为0，过滤其余位
 112   1          if(*Register == 0x00 || *Register == 0x80)      //判断是否时间到
 113   1              i_reg = 0x00;
 114   1          else                                            
 115   1              i_reg = 0x01;   
 116   1          
 117   1          PCON &= ~0X02;                //进入低功耗模式，当中断响应时被唤醒，从而退出该模式
 118   1      }
 119          


MODULE INFORMATION:   STATIC OVERLAYABLE
   CODE SIZE        =    295    ----
   CONSTANT SIZE    =   ----    ----
   XDATA SIZE       =   ----       4
   PDATA SIZE       =   ----    ----
   DATA SIZE        =   ----    ----
   IDATA SIZE       =   ----    ----
   BIT SIZE         =   ----    ----
END OF MODULE INFORMATION.


C51 COMPILATION COMPLETE.  0 WARNING(S),  0 ERROR(S)
